// Jest Snapshot v1, https://goo.gl/fbAQLP

exports[`renders homepage unchanged 1`] = `
<div>
  <div
    class="container"
  >
    <main
      class="main"
    >
      <h1
        class="title"
      >
        Chris Cozens
      </h1>
      <p
        class="description"
      >
        Molecular biologist
      </p>
      <p
        class="description"
      >
        Frontend engineer
      </p>
    </main>
    <footer
      class="footer"
    >
      <p>
        Built with 
        <span>
          <a
            class="footerLink"
            href="https://www.next.js"
            rel="noopener noreferrer"
            target="_blank"
          >
            NEXT.js
          </a>
        </span>
        , hosted by 
        <span>
          <a
            class="footerLink"
            href="https://www.vercel.com"
            rel="noopener noreferrer"
            target="_blank"
          >
            Vercel
            <span
              style="box-sizing: border-box; display: inline-block; overflow: hidden; background: none; opacity: 1; border: 0px; margin: 0px; padding: 0px; position: relative; max-width: 100%;"
            >
              <span
                style="box-sizing: border-box; display: block; background: none; opacity: 1; border: 0px; margin: 0px; padding: 0px; max-width: 100%;"
              >
                <img
                  alt=""
                  aria-hidden="true"
                  src="data:image/svg+xml,%3csvg%20xmlns=%27http://www.w3.org/2000/svg%27%20version=%271.1%27%20width=%2724%27%20height=%2724%27/%3e"
                  style="display: block; max-width: 100%; background: none; opacity: 1; border: 0px; margin: 0px; padding: 0px;"
                />
              </span>
              <img
                data-nimg="intrinsic"
                decoding="async"
                src="data:image/gif;base64,R0lGODlhAQABAIAAAAAAAP///yH5BAEAAAAALAAAAAABAAEAAAIBRAA7"
                style="position: absolute; top: 0px; left: 0px; bottom: 0px; right: 0px; box-sizing: border-box; padding: 0px; margin: auto; display: block; width: 0px; height: 0px; min-width: 100%; max-width: 100%; min-height: 100%; max-height: 100%;"
              />
              <noscript />
            </span>
          </a>
        </span>
         x 
        <span>
          <a
            class="footerLink"
            href="https://www.cloudify.co"
            rel="noopener noreferrer"
            target="_blank"
          >
            Cloudify
          </a>
        </span>
         x 
        <span>
          <a
            class="footerLink"
            href="https://www.sanity.io"
            rel="noopener noreferrer"
            target="_blank"
          >
            Sanity
          </a>
        </span>
         
      </p>
    </footer>
  </div>
</div>
`;
